python : 
REPHRASY_API_KEY not 
found in environment 
variables during 
initialization
At line:1 char:1
+ python -c "from ser
vices.rephrasy_servic
e import 
RephrasyService; ser 
...
+ ~~~~~~~~~~~~~~~~~~~
~~~~~~~~~~~~~~~~~~~~~
~~~~~~~~~~~~~~~~~~~~~
~~~~~~~~
    + CategoryInfo   
           : NotSpe  
  cified: (REPHRAS   
 Y_API_KE... init    
ialization:Strin    
g) [], RemoteExc    
eption
    + FullyQualified 
   ErrorId : Native  
  CommandError
 
